2024-01-02 03:04:05 INFO Создание архива: ${TMP_OUT_DIR}/fullbackup_router-host_2024-01-02_03-04-05.tar.gz
tar: simulated failure
2024-01-02 03:04:05 ERROR Не удалось создать архив
