2024-01-02 03:04:05 ERROR Не удалось создать каталог: ${TMP_OUT_DIR}
